Top 10 des pages les plus consult√©es : 
1 - "/temps/4IF16.html" (1 hits)
2 - "/temps/4IF17.html" (1 hits)
3 - "/temps/4IF18.html" (1 hits)