Top 10 des pages les plus consult√©es : 
1 - "/temps/4IF16.html" (1 hits)
2 - "/temps/4IF17.html" (1 hits)
3 - "/temps/4IF18.html" (1 hits)
4 - "/temps/4IF19.html" (1 hits)
5 - "/temps/4IF20.html" (1 hits)
6 - "/temps/3IF38.html" (1 hits)
7 - "/temps" (1 hits)
8 - "/temps/style_emploi_du_temps.css" (1 hits)
9 - "/temps/3IF37.html" (1 hits)
10 - "/temps/precedent.gif" (1 hits)